// Jest Snapshot v1, https://goo.gl/fbAQLP

exports[`SortingSnapshot Should render Sorting 1`] = `
<form
  action="#"
  className="places__sorting"
  method="get"
>
  <span
    className="places__sorting-caption"
  >
    Sort by
  </span>
  Â 
  <span
    className="places__sorting-type"
    onClick={[Function]}
    tabIndex="0"
  >
    Popular
    <svg
      className="places__sorting-arrow"
      height="4"
      width="7"
    >
      <use
        xlinkHref="#icon-arrow-select"
      />
    </svg>
  </span>
  <ul
    className="places__options places__options--custom"
  >
    <li
      className="places__option places__option--active"
      onClick={[Function]}
      tabIndex="0"
    >
      Popular
    </li>
    <li
      className="places__option"
      onClick={[Function]}
      tabIndex="0"
    >
      Price: low to high
    </li>
    <li
      className="places__option"
      onClick={[Function]}
      tabIndex="0"
    >
      Price: high to low
    </li>
    <li
      className="places__option"
      onClick={[Function]}
      tabIndex="0"
    >
      Top rated first
    </li>
  </ul>
  <select
    className="places__sorting-type"
    id="places-sorting"
    onChange={[Function]}
    style={
      Object {
        "border": 0,
        "clip": "rect(1px, 1px, 1px, 1px)",
        "height": "1px",
        "overflow": "hidden",
        "position": "absolute",
        "whiteSpace": "nowrap",
        "width": "1px",
      }
    }
    value="popular"
  >
    <option
      className="places__option"
      value="popular"
    >
      Popular
    </option>
    <option
      className="places__option"
      value="to-high"
    >
      Price: low to high
    </option>
    <option
      className="places__option"
      value="to-low"
    >
      Price: high to low
    </option>
    <option
      className="places__option"
      value="top-rated"
    >
      Top rated first
    </option>
  </select>
</form>
`;
