// Jest Snapshot v1, https://goo.gl/fbAQLP

exports[`MapSnapshot should render Map 1`] = `
<section
  className=" map"
>
  <div
    style={
      Object {
        "height": "100%",
      }
    }
  />
</section>
`;
