// Jest Snapshot v1, https://goo.gl/fbAQLP

exports[`AppSnapshot should render 404 page 1`] = `
<div
  className="page"
>
  <header
    className="header"
  >
    <div
      className="container"
    >
      <div
        className="header__wrapper"
      >
        <div
          className="header__left"
        >
          <a
            className="header__logo-link"
            href="/"
            onClick={[Function]}
          >
            <img
              alt="6 cities logo"
              className="header__logo"
              height="41"
              src="/img/logo.svg"
              width="81"
            />
          </a>
        </div>
        <nav
          className="header__nav"
        >
          <ul
            className="header__nav-list"
          >
            <li
              className="header__nav-item user"
            >
              <a
                className="header__nav-link header__nav-link--profile"
                href="/login"
                onClick={[Function]}
              >
                <div
                  className="header__avatar-wrapper user__avatar-wrapper"
                />
                <span
                  className="header__login"
                >
                  Sign in
                </span>
              </a>
            </li>
          </ul>
        </nav>
      </div>
    </div>
  </header>
  <section>
    <div
      style={
        Object {
          "fontSize": "24",
          "textAlign": "center",
        }
      }
    >
      <h1>
        Oops! It is 404.
        <br />
        <span>
          Page not found
        </span>
      </h1>
      <p>
        It happens because 
        page is not exist
      </p>
      <a
        href="/"
        onClick={[Function]}
      >
        Go to main page
      </a>
    </div>
  </section>
</div>
`;

exports[`AppSnapshot should render Login page 1`] = `
<div
  className="page page--gray page--login"
>
  <header
    className="header"
  >
    <div
      className="container"
    >
      <div
        className="header__wrapper"
      >
        <div
          className="header__left"
        >
          <a
            className="header__logo-link"
            href="/"
            onClick={[Function]}
          >
            <img
              alt="6 cities logo"
              className="header__logo"
              height="41"
              src="/img/logo.svg"
              width="81"
            />
          </a>
        </div>
        <nav
          className="header__nav"
        >
          <ul
            className="header__nav-list"
          >
            <li
              className="header__nav-item user"
            >
              <a
                className="header__nav-link header__nav-link--profile"
                href="/login"
                onClick={[Function]}
              >
                <div
                  className="header__avatar-wrapper user__avatar-wrapper"
                />
                <span
                  className="header__login"
                >
                  Sign in
                </span>
              </a>
            </li>
          </ul>
        </nav>
      </div>
    </div>
  </header>
  <main
    className="page__main page__main--login"
  >
    <div
      className="page__login-container container"
    >
      <section
        className="login"
      >
        <h1
          className="login__title"
        >
          Sign in
        </h1>
        <form
          action="#"
          className="login__form form"
          method="post"
          onSubmit={[Function]}
        >
          <div
            className="login__input-wrapper form__input-wrapper"
          >
            <label
              className="visually-hidden"
            >
              E-mail
            </label>
            <input
              className="login__input form__input"
              name="email"
              placeholder="Email"
              required={true}
              type="email"
            />
          </div>
          <div
            className="login__input-wrapper form__input-wrapper"
          >
            <label
              className="visually-hidden"
            >
              Password
            </label>
            <input
              className="login__input form__input"
              name="password"
              placeholder="Password"
              required={true}
              type="password"
            />
          </div>
          <button
            className="login__submit form__submit button"
            type="submit"
          >
            Sign in
          </button>
        </form>
      </section>
      <section
        className="locations locations--login locations--current"
      >
        <li
          className="locations__item"
        >
          <a
            className="locations__item-link"
            href="/"
            onClick={[Function]}
          >
            <span>
              Dusseldorf
            </span>
          </a>
        </li>
      </section>
    </div>
  </main>
</div>
`;

exports[`AppSnapshot should render Main page 1`] = `
<div
  className="page page--gray page--main"
>
  <header
    className="header"
  >
    <div
      className="container"
    >
      <div
        className="header__wrapper"
      >
        <div
          className="header__left"
        >
          <span
            className="header__logo-link header__logo-link--active"
          >
            <img
              alt="6 cities logo"
              className="header__logo"
              height="41"
              src="/img/logo.svg"
              width="81"
            />
          </span>
        </div>
        <nav
          className="header__nav"
        >
          <ul
            className="header__nav-list"
          >
            <li
              className="header__nav-item user"
            >
              <a
                className="header__nav-link header__nav-link--profile"
                href="/favorites"
                onClick={[Function]}
              >
                <div
                  className="header__avatar-wrapper user__avatar-wrapper"
                >
                  <img
                    alt="User avatar"
                    className="user__avatar"
                    src="https://htmlacademy-react-3.appspot.com/six-cities/pic1.jpg"
                  />
                </div>
                <span
                  className="header__user-name user__name"
                >
                  test@test.com
                </span>
              </a>
            </li>
          </ul>
        </nav>
      </div>
    </div>
  </header>
  <main
    className="page__main page__main--index"
  >
    <h1
      className="visually-hidden"
    >
      Cities
    </h1>
    <div
      className="tabs"
    >
      <section
        className="locations container"
      >
        <ul
          className="locations__list tabs__list"
        >
          <li
            className="locations__item"
          >
            <a
              className="locations__item-link tabs__item tabs__item--active"
              href="/"
              onClick={[Function]}
            >
              <span>
                Dusseldorf
              </span>
            </a>
          </li>
          <li
            className="locations__item"
          >
            <a
              className="locations__item-link tabs__item"
              href="/"
              onClick={[Function]}
            >
              <span>
                Hamburg
              </span>
            </a>
          </li>
        </ul>
      </section>
    </div>
    <div
      className="cities"
    >
      <div
        className="cities__places-container container"
      >
        <section
          className="cities__places places"
        >
          <h2
            className="visually-hidden"
          >
            Places
          </h2>
          <b
            className="places__found"
          >
            2
             places to stay in 
            Dusseldorf
          </b>
          <form
            action="#"
            className="places__sorting"
            method="get"
          >
            <span
              className="places__sorting-caption"
            >
              Sort by
            </span>
            Â 
            <span
              className="places__sorting-type"
              onClick={[Function]}
              tabIndex={0}
            >
              Popular
              <svg
                className="places__sorting-arrow"
                height="4"
                width="7"
              >
                <use
                  xlinkHref="#icon-arrow-select"
                />
              </svg>
            </span>
            <ul
              className="places__options places__options--custom"
            >
              <li
                className="places__option places__option--active"
                onClick={[Function]}
                tabIndex={0}
              >
                Popular
              </li>
              <li
                className="places__option"
                onClick={[Function]}
                tabIndex={0}
              >
                Price: low to high
              </li>
              <li
                className="places__option"
                onClick={[Function]}
                tabIndex={0}
              >
                Price: high to low
              </li>
              <li
                className="places__option"
                onClick={[Function]}
                tabIndex={0}
              >
                Top rated first
              </li>
            </ul>
            <select
              className="places__sorting-type"
              id="places-sorting"
              onChange={[Function]}
              style={
                Object {
                  "border": 0,
                  "clip": "rect(1px, 1px, 1px, 1px)",
                  "height": "1px",
                  "overflow": "hidden",
                  "position": "absolute",
                  "whiteSpace": "nowrap",
                  "width": "1px",
                }
              }
              value="popular"
            >
              <option
                className="places__option"
                value="popular"
              >
                Popular
              </option>
              <option
                className="places__option"
                value="to-high"
              >
                Price: low to high
              </option>
              <option
                className="places__option"
                value="to-low"
              >
                Price: high to low
              </option>
              <option
                className="places__option"
                value="top-rated"
              >
                Top rated first
              </option>
            </select>
          </form>
          <div
            className="cities__places-list places__list tabs__content"
          >
            <article
              className="cities__place-card place-card"
              onMouseEnter={[Function]}
            >
              <div
                className="place-card__mark"
              >
                <span>
                  Premium
                </span>
              </div>
              <div
                className="cities__image-wrapper place-card__image-wrapper"
              >
                <a
                  href="/offer/8"
                  onClick={[Function]}
                >
                  <img
                    alt="Place image"
                    className="place-card__image"
                    height="200"
                    src="http://placeimg.com/260/200/arch"
                    width="260"
                  />
                </a>
              </div>
              <div
                className="place-card__info"
              >
                <div
                  className="place-card__price-wrapper"
                >
                  <div
                    className="place-card__price"
                  >
                    <b
                      className="place-card__price-value"
                    >
                      â¬
                      180
                    </b>
                    <span
                      className="place-card__price-text"
                    >
                      /Â night
                    </span>
                  </div>
                  <button
                    className="place-card__bookmark-button place-card__bookmark-button--active button"
                    disabled={false}
                    onClick={[Function]}
                    type="button"
                  >
                    <svg
                      className="place-card__bookmark-icon"
                      height="19"
                      width="18"
                    >
                      <use
                        xlinkHref="#icon-bookmark"
                      />
                    </svg>
                    <span
                      className="visually-hidden"
                    >
                      To bookmarks
                    </span>
                  </button>
                </div>
                <div
                  className="place-card__rating rating"
                >
                  <div
                    className="place-card__stars rating__stars"
                  >
                    <span
                      style={
                        Object {
                          "width": "100%",
                        }
                      }
                    />
                    <span
                      className="visually-hidden"
                    >
                      Rating
                    </span>
                  </div>
                </div>
                <h2
                  className="place-card__name"
                >
                  <a
                    href="/offer/8"
                    onClick={[Function]}
                  >
                    Apartment in Dusseldorf
                  </a>
                </h2>
                <p
                  className="place-card__type"
                >
                  Apartment
                </p>
              </div>
            </article>
            <article
              className="cities__place-card place-card"
              onMouseEnter={[Function]}
            >
              <div
                className="place-card__mark"
              >
                <span>
                  Premium
                </span>
              </div>
              <div
                className="cities__image-wrapper place-card__image-wrapper"
              >
                <a
                  href="/offer/9"
                  onClick={[Function]}
                >
                  <img
                    alt="Place image"
                    className="place-card__image"
                    height="200"
                    src="http://placeimg.com/260/200/arch"
                    width="260"
                  />
                </a>
              </div>
              <div
                className="place-card__info"
              >
                <div
                  className="place-card__price-wrapper"
                >
                  <div
                    className="place-card__price"
                  >
                    <b
                      className="place-card__price-value"
                    >
                      â¬
                      190
                    </b>
                    <span
                      className="place-card__price-text"
                    >
                      /Â night
                    </span>
                  </div>
                  <button
                    className="place-card__bookmark-button place-card__bookmark-button--active button"
                    disabled={false}
                    onClick={[Function]}
                    type="button"
                  >
                    <svg
                      className="place-card__bookmark-icon"
                      height="19"
                      width="18"
                    >
                      <use
                        xlinkHref="#icon-bookmark"
                      />
                    </svg>
                    <span
                      className="visually-hidden"
                    >
                      To bookmarks
                    </span>
                  </button>
                </div>
                <div
                  className="place-card__rating rating"
                >
                  <div
                    className="place-card__stars rating__stars"
                  >
                    <span
                      style={
                        Object {
                          "width": "100%",
                        }
                      }
                    />
                    <span
                      className="visually-hidden"
                    >
                      Rating
                    </span>
                  </div>
                </div>
                <h2
                  className="place-card__name"
                >
                  <a
                    href="/offer/9"
                    onClick={[Function]}
                  >
                    Apartment in Dusseldorf 2
                  </a>
                </h2>
                <p
                  className="place-card__type"
                >
                  Apartment
                </p>
              </div>
            </article>
          </div>
        </section>
        <div
          className="cities__right-section"
        >
          <section
            className="cities__map map"
          >
            <div
              style={
                Object {
                  "height": "100%",
                }
              }
            />
          </section>
        </div>
      </div>
    </div>
  </main>
</div>
`;

exports[`AppSnapshot should render placeholder if offer array is empty 1`] = `
<div
  className="page page--gray page--main"
>
  <main
    className="page__main page__main--index page__main--index-empty"
  >
    <div
      className="cities"
    >
      <div
        className="cities__places-container container"
      >
        <section
          className="cities__no-places"
        >
          <div
            className="cities__status-wrapper tabs__content"
          >
            <b
              className="cities__status"
            >
              No places to stay available
            </b>
            <p
              className="cities__status-description"
            >
              We could not find any property availbale at the moment
            </p>
          </div>
        </section>
        <div
          className="cities__right-section"
        />
      </div>
    </div>
  </main>
</div>
`;
