// Jest Snapshot v1, https://goo.gl/fbAQLP

exports[`OfferListSnapshot should render OfferList 1`] = `
<div
  className="cities__places-list places__list tabs__content"
>
  <article
    className="cities__place-card place-card"
    onMouseEnter={[Function]}
  >
    <div
      className="place-card__mark"
    >
      <span>
        Premium
      </span>
    </div>
    <div
      className="cities__image-wrapper place-card__image-wrapper"
    >
      <a
        href="#"
      >
        <img
          alt="Place image"
          className="place-card__image"
          height="200"
          src="pic1"
          width="260"
        />
      </a>
    </div>
    <div
      className="place-card__info"
    >
      <div
        className="place-card__price-wrapper"
      >
        <div
          className="place-card__price"
        >
          <b
            className="place-card__price-value"
          >
            €
            120
          </b>
          <span
            className="place-card__price-text"
          >
            / night
          </span>
        </div>
        <button
          className="place-card__bookmark-button button"
          type="button"
        >
          <svg
            className="place-card__bookmark-icon"
            height="19"
            width="18"
          >
            <use
              xlinkHref="#icon-bookmark"
            />
          </svg>
          <span
            className="visually-hidden"
          >
            To bookmarks
          </span>
        </button>
      </div>
      <div
        className="place-card__rating rating"
      >
        <div
          className="place-card__stars rating__stars"
        >
          <span
            style={
              Object {
                "width": "80%",
              }
            }
          />
          <span
            className="visually-hidden"
          >
            Rating
          </span>
        </div>
      </div>
      <h2
        className="place-card__name"
      >
        <a
          href="#"
          onClick={[Function]}
        >
          Offer 1
        </a>
      </h2>
      <p
        className="place-card__type"
      >
        Apartment
      </p>
    </div>
  </article>
  <article
    className="cities__place-card place-card"
    onMouseEnter={[Function]}
  >
    <div
      className="cities__image-wrapper place-card__image-wrapper"
    >
      <a
        href="#"
      >
        <img
          alt="Place image"
          className="place-card__image"
          height="200"
          src="pic2"
          width="260"
        />
      </a>
    </div>
    <div
      className="place-card__info"
    >
      <div
        className="place-card__price-wrapper"
      >
        <div
          className="place-card__price"
        >
          <b
            className="place-card__price-value"
          >
            €
            80
          </b>
          <span
            className="place-card__price-text"
          >
            / night
          </span>
        </div>
        <button
          className="place-card__bookmark-button button"
          type="button"
        >
          <svg
            className="place-card__bookmark-icon"
            height="19"
            width="18"
          >
            <use
              xlinkHref="#icon-bookmark"
            />
          </svg>
          <span
            className="visually-hidden"
          >
            To bookmarks
          </span>
        </button>
      </div>
      <div
        className="place-card__rating rating"
      >
        <div
          className="place-card__stars rating__stars"
        >
          <span
            style={
              Object {
                "width": "80%",
              }
            }
          />
          <span
            className="visually-hidden"
          >
            Rating
          </span>
        </div>
      </div>
      <h2
        className="place-card__name"
      >
        <a
          href="#"
          onClick={[Function]}
        >
          Offer 2
        </a>
      </h2>
      <p
        className="place-card__type"
      >
        Private room
      </p>
    </div>
  </article>
  <article
    className="cities__place-card place-card"
    onMouseEnter={[Function]}
  >
    <div
      className="cities__image-wrapper place-card__image-wrapper"
    >
      <a
        href="#"
      >
        <img
          alt="Place image"
          className="place-card__image"
          height="200"
          src="pic3"
          width="260"
        />
      </a>
    </div>
    <div
      className="place-card__info"
    >
      <div
        className="place-card__price-wrapper"
      >
        <div
          className="place-card__price"
        >
          <b
            className="place-card__price-value"
          >
            €
            132
          </b>
          <span
            className="place-card__price-text"
          >
            / night
          </span>
        </div>
        <button
          className="place-card__bookmark-button button"
          type="button"
        >
          <svg
            className="place-card__bookmark-icon"
            height="19"
            width="18"
          >
            <use
              xlinkHref="#icon-bookmark"
            />
          </svg>
          <span
            className="visually-hidden"
          >
            To bookmarks
          </span>
        </button>
      </div>
      <div
        className="place-card__rating rating"
      >
        <div
          className="place-card__stars rating__stars"
        >
          <span
            style={
              Object {
                "width": "80%",
              }
            }
          />
          <span
            className="visually-hidden"
          >
            Rating
          </span>
        </div>
      </div>
      <h2
        className="place-card__name"
      >
        <a
          href="#"
          onClick={[Function]}
        >
          Offer 3
        </a>
      </h2>
      <p
        className="place-card__type"
      >
        Hotel
      </p>
    </div>
  </article>
  <article
    className="cities__place-card place-card"
    onMouseEnter={[Function]}
  >
    <div
      className="place-card__mark"
    >
      <span>
        Premium
      </span>
    </div>
    <div
      className="cities__image-wrapper place-card__image-wrapper"
    >
      <a
        href="#"
      >
        <img
          alt="Place image"
          className="place-card__image"
          height="200"
          src="pic4"
          width="260"
        />
      </a>
    </div>
    <div
      className="place-card__info"
    >
      <div
        className="place-card__price-wrapper"
      >
        <div
          className="place-card__price"
        >
          <b
            className="place-card__price-value"
          >
            €
            180
          </b>
          <span
            className="place-card__price-text"
          >
            / night
          </span>
        </div>
        <button
          className="place-card__bookmark-button button"
          type="button"
        >
          <svg
            className="place-card__bookmark-icon"
            height="19"
            width="18"
          >
            <use
              xlinkHref="#icon-bookmark"
            />
          </svg>
          <span
            className="visually-hidden"
          >
            To bookmarks
          </span>
        </button>
      </div>
      <div
        className="place-card__rating rating"
      >
        <div
          className="place-card__stars rating__stars"
        >
          <span
            style={
              Object {
                "width": "100%",
              }
            }
          />
          <span
            className="visually-hidden"
          >
            Rating
          </span>
        </div>
      </div>
      <h2
        className="place-card__name"
      >
        <a
          href="#"
          onClick={[Function]}
        >
          Offer 4
        </a>
      </h2>
      <p
        className="place-card__type"
      >
        House
      </p>
    </div>
  </article>
</div>
`;
