// Jest Snapshot v1, https://goo.gl/fbAQLP

exports[`CityListSnapshot should render CityList 1`] = `
<ul
  className="locations__list tabs__list"
>
  <li
    className="locations__item"
  >
    <a
      className="locations__item-link tabs__item tabs__item--active"
      href="#"
      onClick={[Function]}
    >
      <span>
        city 1
      </span>
    </a>
  </li>
  <li
    className="locations__item"
  >
    <a
      className="locations__item-link tabs__item"
      href="#"
      onClick={[Function]}
    >
      <span>
        city 2
      </span>
    </a>
  </li>
</ul>
`;
